178.252.149.46 - - [23/Jan/2019:12:27:45 +0330] "GET /settings/logo HTTP/1.1" 200 4120 "https://www.zanbil.ir/browse/cell-phone/%DA%AF%D9%88%D8%B4%DB%8C-%D9%85%D9%88%D8%A8%D8%A7%DB%8C%D9%84" "Mozilla/5.0 (Windows NT 10.0; Win64; x64; rv:64.0) Gecko/20100101 Firefox/64.0" "-"
178.252.149.46 - - [23/Jan/2019:12:27:45 +0330] "GET /image/64708/productModel/150x150 HTTP/1.1" 200 3964 "https://www.zanbil.ir/" "Mozilla/5.0 (Windows NT 10.0; Win64; x64; rv:64.0) Gecko/20100101 Firefox/64.0" "-"
178.252.149.46 - - [23/Jan/2019:12:27:45 +0330] "GET /image/64719/productModel/150x150 HTTP/1.1" 200 2811 "https://www.zanbil.ir/" "Mozilla/5.0 (Windows NT 10.0; Win64; x64; rv:64.0) Gecko/20100101 Firefox/64.0" "-"
92.50.29.2 - - [23/Jan/2019:13:27:45 +0330] "GET /site/enamad HTTP/1.1" 400 278 "https://www.zanbil.ir/filter/b485,p12786" "Mozilla/5.0 (Windows NT 6.1; Win64; x64) AppleWebKit/537.36 (KHTML, like Gecko) Chrome/71.0.3578.98 Safari/537.36" "-"
178.252.149.46 - - [23/Jan/2019:12:27:45 +0330] "GET /image/64746/productModel/150x150 HTTP/1.1" 200 3075 "https://www.zanbil.ir/" "Mozilla/5.0 (Windows NT 10.0; Win64; x64; rv:64.0) Gecko/20100101 Firefox/64.0" "-"
5.120.200.123 - - [23/Jan/2019:12:27:45 +0330] "GET /image/46117/productModel/150x150 HTTP/1.1" 200 3368 "https://www.zanbil.ir/m/product/8686/11127/%D8%A8%D8%AE%D8%A7%D8%B1%DB%8C-%DA%AF%D8%A7%D8%B2%DB%8C-%D8%A8%D8%A7-%D8%AF%D9%88%D8%AF%DA%A9%D8%B4-%D9%86%DB%8C%DA%A9-%DA%A9%D8%A7%D9%84%D8%A7-%D9%85%D8%AF%D9%84-%D8%B3%D8%B1%D8%A7%D9%85%DB%8C%DA%A9-CE-14" "Mozilla/5.0 (Linux; Android 8.1.0; SM-J530F Build/M1AJQ) AppleWebKit/537.36 (KHTML, like Gecko) Chrome/69.0.3497.100 Mobile Safari/537.36" "-"
92.50.29.2 - - [23/Jan/2019:12:27:45 +0330] "GET /static/images/prev.png HTTP/1.1" 200 3032 "https://znbl.ir/static/bundle-bundle_site_head.css" "Mozilla/5.0 (Windows NT 6.1; Win64; x64) AppleWebKit/537.36 (KHTML, like Gecko) Chrome/71.0.3578.98 Safari/537.36" "-"
178.252.149.46 - - [23/Jan/2019:12:27:45 +0330] "GET /image/65271/productModel/150x150 HTTP/1.1" 200 3181 "https://www.zanbil.ir/" "Mozilla/5.0 (Windows NT 10.0; Win64; x64; rv:64.0) Gecko/20100101 Firefox/64.0" "-"
92.50.29.2 - - [23/Jan/2019:12:27:45 +0330] "GET /site/alexaGooleAnalitic HTTP/1.1" 200 323 "https://www.zanbil.ir/filter/b485,p12786" "Mozilla/5.0 (Windows NT 6.1; Win64; x64) AppleWebKit/537.36 (KHTML, like Gecko) Chrome/71.0.3578.98 Safari/537.36" "-"
74.82.35.64 - - [23/Jan/2019:12:27:45 +0330] "GET /image/58356/productModel/100x100 HTTP/1.1" 200 1546 "https://www.zanbil.ir/filter/b2,p5" "Mozilla/5.0 (Windows NT 6.1; Win64; x64) AppleWebKit/537.36 (KHTML, like Gecko) Chrome/71.0.3578.98 Safari/537.36" "-"
178.252.149.46 - - [23/Jan/2019:12:27:45 +0330] "GET /static/images/coming-soon.png HTTP/1.1" 200 2356 "https://www.zanbil.ir/" "Mozilla/5.0 (Windows NT 10.0; Win64; x64; rv:64.0) Gecko/20100101 Firefox/64.0" "-"
5.120.200.123 - - [23/Jan/2019:12:27:45 +0330] "GET /image/47666/productModel/150x150 HTTP/1.1" 200 3699 "https://www.zanbil.ir/m/product/8686/11127/%D8%A8%D8%AE%D8%A7%D8%B1%DB%8C-%DA%AF%D8%A7%D8%B2%DB%8C-%D8%A8%D8%A7-%D8%AF%D9%88%D8%AF%DA%A9%D8%B4-%D9%86%DB%8C%DA%A9-%DA%A9%D8%A7%D9%84%D8%A7-%D9%85%D8%AF%D9%84-%D8%B3%D8%B1%D8%A7%D9%85%DB%8C%DA%A9-CE-14" "Mozilla/5.0 (Linux; Android 8.1.0; SM-J530F Build/M1AJQ) AppleWebKit/537.36 (KHTML, like Gecko) Chrome/69.0.3497.100 Mobile Safari/537.36" "-"
178.252.149.46 - - [23/Jan/2019:12:27:45 +0330] "GET /image/64994/productModel/150x150 HTTP/1.1" 200 4921 "https://www.zanbil.ir/" "Mozilla/5.0 (Windows NT 10.0; Win64; x64; rv:64.0) Gecko/20100101 Firefox/64.0" "-"
92.50.29.2 - - [23/Jan/2019:12:27:45 +0330] "GET /static/plugins/rapid-grails-0.1/bootstrap/img/glyphicons-halflings.png HTTP/1.1" 200 12625 "https://znbl.ir/static/bundle-bundle_site_head.css" "Mozilla/5.0 (Windows NT 6.1; Win64; x64) AppleWebKit/537.36 (KHTML, like Gecko) Chrome/71.0.3578.98 Safari/537.36" "-"
84.241.45.13 - - [23/Jan/2019:12:27:45 +0330] "GET /image/768?name=b053c2.jpg&wh=max HTTP/1.1" 200 25403 "https://www.zanbil.ir/product/768/%D8%AC%D8%A7%D8%B1%D9%88%D8%A8%D8%B1%D9%82%DB%8C-%D8%A8%D8%A7-%D9%BE%D8%A7%DA%A9%D8%AA-%D9%BE%D8%A7%D8%B1%D8%B3-%D8%AE%D8%B2%D8%B1-%D9%85%D8%AF%D9%84-Parskhazar-Vacuum-Cleaner-VC-2200W" "Mozilla/5.0 (Windows NT 5.1) AppleWebKit/537.36 (KHTML, like Gecko) Chrome/49.0.2623.112 Safari/537.36" "-"
178.252.149.46 - - [23/Jan/2019:12:27:45 +0330] "GET /image/64784/productModel/150x150 HTTP/1.1" 200 3642 "https://www.zanbil.ir/" "Mozilla/5.0 (Windows NT 10.0; Win64; x64; rv:64.0) Gecko/20100101 Firefox/64.0" "-"
178.252.149.46 - - [23/Jan/2019:12:27:45 +0330] "GET /image/55109/productModel/150x150 HTTP/1.1" 200 2917 "https://www.zanbil.ir/" "Mozilla/5.0 (Windows NT 10.0; Win64; x64; rv:64.0) Gecko/20100101 Firefox/64.0" "-"
178.252.149.46 - - [23/Jan/2019:12:27:45 +0330] "GET /image/65269/productModel/150x150 HTTP/1.1" 200 3734 "https://www.zanbil.ir/" "Mozilla/5.0 (Windows NT 10.0; Win64; x64; rv:64.0) Gecko/20100101 Firefox/64.0" "-"
188.214.188.184 - - [23/Jan/2019:12:27:45 +0330] "GET /image/61053/productModel/200x200 HTTP/1.1" 200 2568 "https://www.zanbil.ir/m/filter/p4510%2Ct115?name=%D8%AC%D8%A7%D8%B1%D9%88-%D8%B4%D8%A7%D8%B1%DA%98%DB%8C&productType=cordless-vacuum" "Mozilla/5.0 (Linux; Android 4.4.2; SM-G7102 Build/KOT49H) AppleWebKit/537.36 (KHTML, like Gecko) Chrome/51.0.2704.81 Mobile Safari/537.36" "-"
92.50.29.2 - - [23/Jan/2019:12:27:45 +0330] "GET /static/images/next.png HTTP/1.1" 200 3045 "https://znbl.ir/static/bundle-bundle_site_head.css" "Mozilla/5.0 (Windows NT 6.1; Win64; x64) AppleWebKit/537.36 (KHTML, like Gecko) Chrome/71.0.3578.98 Safari/537.36" "-"
91.99.72.15 - - [23/Jan/2019:12:27:45 +0330] "GET /product/33772/64500/%D8%AA%D9%84%D9%88%DB%8C%D8%B2%DB%8C%D9%88%D9%86-%D8%A7%D9%84-%D8%A7%DB%8C-%D8%AF%DB%8C-%D8%B3%D9%88%D9%86%DB%8C-%D9%85%D8%AF%D9%84-KD-49X7500F HTTP/1.1" 200 43725 "-" "Mozilla/5.0 (Windows NT 6.1; WOW64) AppleWebKit/535.7(KHTML, like Gecko) Chrome/16.0.912.36 Safari/535.7" "-"
80.191.27.26 - - [23/Jan/2019:12:27:45 +0330] "GET /image/65246/productModel/100x100 HTTP/1.1" 200 2431 "https://www.zanbil.ir/browse/laptop/%D9%84%D9%BE-%D8%AA%D8%A7%D9%BE" "Mozilla/5.0 (Windows NT 6.1; Win64; x64; rv:64.0) Gecko/20100101 Firefox/64.0" "-"
178.252.149.46 - - [23/Jan/2019:12:27:45 +0330] "GET /image/65007/productModel/150x150 HTTP/1.1" 200 5265 "https://www.zanbil.ir/" "Mozilla/5.0 (Windows NT 10.0; Win64; x64; rv:64.0) Gecko/20100101 Firefox/64.0" "-"
178.252.149.46 - - [23/Jan/2019:12:27:45 +0330] "GET /image/64995/productModel/100x100 HTTP/1.1" 200 2869 "https://www.zanbil.ir/" "Mozilla/5.0 (Windows NT 10.0; Win64; x64; rv:64.0) Gecko/20100101 Firefox/64.0" "-"
92.50.29.2 - - [23/Jan/2019:12:27:45 +0330] "GET /static/images/jslider.red.png HTTP/1.1" 200 1777 "https://znbl.ir/static/bundle-bundle_site_head.css" "Mozilla/5.0 (Windows NT 6.1; Win64; x64) AppleWebKit/537.36 (KHTML, like Gecko) Chrome/71.0.3578.98 Safari/537.36" "-"
178.252.149.46 - - [23/Jan/2019:12:27:45 +0330] "GET /image/60825/productModel/150x150 HTTP/1.1" 200 2893 "https://www.zanbil.ir/" "Mozilla/5.0 (Windows NT 10.0; Win64; x64; rv:64.0) Gecko/20100101 Firefox/64.0" "-"
178.252.149.46 - - [23/Jan/2019:12:27:45 +0330] "GET /image/56130/productModel/150x150 HTTP/1.1" 200 3383 "https://www.zanbil.ir/" "Mozilla/5.0 (Windows NT 10.0; Win64; x64; rv:64.0) Gecko/20100101 Firefox/64.0" "-"
84.241.45.13 - - [23/Jan/2019:12:27:45 +0330] "GET /image/1539/productModel/100x100 HTTP/1.1" 200 2269 "https://www.zanbil.ir/product/9000/%D8%AC%D8%A7%D8%B1%D9%88%D8%A8%D8%B1%D9%82%DB%8C-%D8%A8%D8%A7-%D9%BE%D8%A7%DA%A9%D8%AA-%D9%BE%D8%A7%D8%B1%D8%B3-%D8%AE%D8%B2%D8%B1-%D9%85%D8%AF%D9%84-Parskhazar-Vacuum-Cleaner-2500W-KOMPRESSOR" "Mozilla/5.0 (Windows NT 5.1) AppleWebKit/537.36 (KHTML, like Gecko) Chrome/49.0.2623.112 Safari/537.36" "-"
92.50.29.2 - - [23/Jan/2019:12:27:45 +0330] "GET /image/8764/specialSale?role=e1 HTTP/1.1" 200 11 "https://www.zanbil.ir/filter/b485,p12786" "Mozilla/5.0 (Windows NT 6.1; Win64; x64) AppleWebKit/537.36 (KHTML, like Gecko) Chrome/71.0.3578.98 Safari/537.36" "-"
84.241.45.13 - - [23/Jan/2019:12:27:45 +0330] "GET /image/9000?name=4f0fd8.jpg&wh=300x300 HTTP/1.1" 200 6718 "https://www.zanbil.ir/product/9000/%D8%AC%D8%A7%D8%B1%D9%88%D8%A8%D8%B1%D9%82%DB%8C-%D8%A8%D8%A7-%D9%BE%D8%A7%DA%A9%D8%AA-%D9%BE%D8%A7%D8%B1%D8%B3-%D8%AE%D8%B2%D8%B1-%D9%85%D8%AF%D9%84-Parskhazar-Vacuum-Cleaner-2500W-KOMPRESSOR" "Mozilla/5.0 (Windows NT 5.1) AppleWebKit/537.36 (KHTML, like Gecko) Chrome/49.0.2623.112 Safari/537.36" "-"
92.50.29.2 - - [23/Jan/2019:12:27:45 +0330] "GET /image/8764/specialSale?role=e3 HTTP/1.1" 200 11 "https://www.zanbil.ir/filter/b485,p12786" "Mozilla/5.0 (Windows NT 6.1; Win64; x64) AppleWebKit/537.36 (KHTML, like Gecko) Chrome/71.0.3578.98 Safari/537.36" "-"
91.185.156.230 - - [23/Jan/2019:12:27:45 +0330] "GET /image/614/brand HTTP/1.1" 200 2088 "https://www.zanbil.ir/filter/p16682?page=1" "Mozilla/5.0 (Windows NT 10.0; Win64; x64) AppleWebKit/537.36 (KHTML, like Gecko) Chrome/71.0.3578.98 Safari/537.36" "-"
84.241.45.13 - - [23/Jan/2019:12:27:45 +0330] "GET /image/65238/productModel/100x100 HTTP/1.1" 200 2163 "https://www.zanbil.ir/product/9000/%D8%AC%D8%A7%D8%B1%D9%88%D8%A8%D8%B1%D9%82%DB%8C-%D8%A8%D8%A7-%D9%BE%D8%A7%DA%A9%D8%AA-%D9%BE%D8%A7%D8%B1%D8%B3-%D8%AE%D8%B2%D8%B1-%D9%85%D8%AF%D9%84-Parskhazar-Vacuum-Cleaner-2500W-KOMPRESSOR" "Mozilla/5.0 (Windows NT 5.1) AppleWebKit/537.36 (KHTML, like Gecko) Chrome/49.0.2623.112 Safari/537.36" "-"
84.241.45.13 - - [23/Jan/2019:12:27:45 +0330] "GET /image/62672/productModel/100x100 HTTP/1.1" 200 2390 "https://www.zanbil.ir/product/768/%D8%AC%D8%A7%D8%B1%D9%88%D8%A8%D8%B1%D9%82%DB%8C-%D8%A8%D8%A7-%D9%BE%D8%A7%DA%A9%D8%AA-%D9%BE%D8%A7%D8%B1%D8%B3-%D8%AE%D8%B2%D8%B1-%D9%85%D8%AF%D9%84-Parskhazar-Vacuum-Cleaner-VC-2200W" "Mozilla/5.0 (Windows NT 5.1) AppleWebKit/537.36 (KHTML, like Gecko) Chrome/49.0.2623.112 Safari/537.36" "-"
82.99.206.146 - - [23/Jan/2019:12:27:45 +0330] "GET /image/18781/productType/240x180 HTTP/1.1" 200 15705 "https://www.zanbil.ir/browse/digital-supplies/%D9%84%D9%88%D8%A7%D8%B2%D9%85-%D8%AF%DB%8C%D8%AC%DB%8C%D8%AA%D8%A7%D9%84" "Mozilla/5.0 (Windows NT 10.0; Win64; x64; rv:64.0) Gecko/20100101 Firefox/64.0" "-"
178.252.149.46 - - [23/Jan/2019:12:27:45 +0330] "GET /image/62800/productModel/150x150 HTTP/1.1" 200 3419 "https://www.zanbil.ir/" "Mozilla/5.0 (Windows NT 10.0; Win64; x64; rv:64.0) Gecko/20100101 Firefox/64.0" "-"
178.252.149.46 - - [23/Jan/2019:12:27:45 +0330] "GET /image/60958/productModel/150x150 HTTP/1.1" 200 3964 "https://www.zanbil.ir/" "Mozilla/5.0 (Windows NT 10.0; Win64; x64; rv:64.0) Gecko/20100101 Firefox/64.0" "-"
84.241.45.13 - - [23/Jan/2019:12:27:45 +0330] "GET /image/9000/product/50x50 HTTP/1.1" 200 1097 "https://www.zanbil.ir/product/9000/%D8%AC%D8%A7%D8%B1%D9%88%D8%A8%D8%B1%D9%82%DB%8C-%D8%A8%D8%A7-%D9%BE%D8%A7%DA%A9%D8%AA-%D9%BE%D8%A7%D8%B1%D8%B3-%D8%AE%D8%B2%D8%B1-%D9%85%D8%AF%D9%84-Parskhazar-Vacuum-Cleaner-2500W-KOMPRESSOR" "Mozilla/5.0 (Windows NT 5.1) AppleWebKit/537.36 (KHTML, like Gecko) Chrome/49.0.2623.112 Safari/537.36" "-"
92.50.29.2 - - [23/Jan/2019:12:27:45 +0330] "GET /image/8764/specialSale?role=e2 HTTP/1.1" 200 11 "https://www.zanbil.ir/filter/b485,p12786" "Mozilla/5.0 (Windows NT 6.1; Win64; x64) AppleWebKit/537.36 (KHTML, like Gecko) Chrome/71.0.3578.98 Safari/537.36" "-"
178.252.149.46 - - [23/Jan/2019:12:27:45 +0330] "GET /image/65144/productModel/100x100 HTTP/1.1" 200 2138 "https://www.zanbil.ir/" "Mozilla/5.0 (Windows NT 10.0; Win64; x64; rv:64.0) Gecko/20100101 Firefox/64.0" "-"
84.241.45.13 - - [23/Jan/2019:12:27:45 +0330] "GET /image/9000?name=4f0fd8.jpg&wh=max HTTP/1.1" 200 19352 "https://www.zanbil.ir/product/9000/%D8%AC%D8%A7%D8%B1%D9%88%D8%A8%D8%B1%D9%82%DB%8C-%D8%A8%D8%A7-%D9%BE%D8%A7%DA%A9%D8%AA-%D9%BE%D8%A7%D8%B1%D8%B3-%D8%AE%D8%B2%D8%B1-%D9%85%D8%AF%D9%84-Parskhazar-Vacuum-Cleaner-2500W-KOMPRESSOR" "Mozilla/5.0 (Windows NT 5.1) AppleWebKit/537.36 (KHTML, like Gecko) Chrome/49.0.2623.112 Safari/537.36" "-"
84.241.45.13 - - [23/Jan/2019:12:27:45 +0330] "GET /image/1540/productModel/100x100 HTTP/1.1" 200 1988 "https://www.zanbil.ir/product/9000/%D8%AC%D8%A7%D8%B1%D9%88%D8%A8%D8%B1%D9%82%DB%8C-%D8%A8%D8%A7-%D9%BE%D8%A7%DA%A9%D8%AA-%D9%BE%D8%A7%D8%B1%D8%B3-%D8%AE%D8%B2%D8%B1-%D9%85%D8%AF%D9%84-Parskhazar-Vacuum-Cleaner-2500W-KOMPRESSOR" "Mozilla/5.0 (Windows NT 5.1) AppleWebKit/537.36 (KHTML, like Gecko) Chrome/49.0.2623.112 Safari/537.36" "-"
84.241.45.13 - - [23/Jan/2019:12:27:45 +0330] "GET /image/1546/productModel/100x100 HTTP/1.1" 200 2064 "https://www.zanbil.ir/product/9000/%D8%AC%D8%A7%D8%B1%D9%88%D8%A8%D8%B1%D9%82%DB%8C-%D8%A8%D8%A7-%D9%BE%D8%A7%DA%A9%D8%AA-%D9%BE%D8%A7%D8%B1%D8%B3-%D8%AE%D8%B2%D8%B1-%D9%85%D8%AF%D9%84-Parskhazar-Vacuum-Cleaner-2500W-KOMPRESSOR" "Mozilla/5.0 (Windows NT 5.1) AppleWebKit/537.36 (KHTML, like Gecko) Chrome/49.0.2623.112 Safari/537.36" "-"
178.252.149.46 - - [23/Jan/2019:12:27:45 +0330] "GET /image/64998/productModel/100x100 HTTP/1.1" 200 2869 "https://www.zanbil.ir/" "Mozilla/5.0 (Windows NT 10.0; Win64; x64; rv:64.0) Gecko/20100101 Firefox/64.0" "-"
91.185.156.230 - - [23/Jan/2019:12:27:45 +0330] "GET /image/32551/productModel/150x150 HTTP/1.1" 200 2455 "https://www.zanbil.ir/filter/p16682?page=1" "Mozilla/5.0 (Windows NT 10.0; Win64; x64) AppleWebKit/537.36 (KHTML, like Gecko) Chrome/71.0.3578.98 Safari/537.36" "-"
83.120.186.11 - - [23/Jan/2019:12:27:45 +0330] "GET /image/60667/productModel/150x150 HTTP/1.1" 200 3468 "https://www.zanbil.ir/m/product/32537/%DA%86%D8%A7%DB%8C-%D8%B3%D8%A7%D8%B2-%D9%82%D9%88%D8%B1%DB%8C-%D8%B1%D9%88%DB%8C-%DA%A9%D8%AA%D8%B1%DB%8C-%D9%81%D9%84%D8%B1-%D9%85%D8%AF%D9%84-TS-050" "Mozilla/5.0 (Linux; Android 5.1.1; SM-J500H) AppleWebKit/537.36 (KHTML, like Gecko) Chrome/71.0.3578.99 Mobile Safari/537.36" "-"
178.252.149.46 - - [23/Jan/2019:12:27:45 +0330] "GET /image/65007/productModel/100x100 HTTP/1.1" 200 3021 "https://www.zanbil.ir/" "Mozilla/5.0 (Windows NT 10.0; Win64; x64; rv:64.0) Gecko/20100101 Firefox/64.0" "-"
178.252.149.46 - - [23/Jan/2019:12:27:45 +0330] "GET /image/64709/productModel/100x100 HTTP/1.1" 200 2302 "https://www.zanbil.ir/" "Mozilla/5.0 (Windows NT 10.0; Win64; x64; rv:64.0) Gecko/20100101 Firefox/64.0" "-"
84.241.45.13 - - [23/Jan/2019:12:27:45 +0330] "GET /image/61608/productModel/100x100 HTTP/1.1" 200 2446 "https://www.zanbil.ir/product/9000/%D8%AC%D8%A7%D8%B1%D9%88%D8%A8%D8%B1%D9%82%DB%8C-%D8%A8%D8%A7-%D9%BE%D8%A7%DA%A9%D8%AA-%D9%BE%D8%A7%D8%B1%D8%B3-%D8%AE%D8%B2%D8%B1-%D9%85%D8%AF%D9%84-Parskhazar-Vacuum-Cleaner-2500W-KOMPRESSOR" "Mozilla/5.0 (Windows NT 5.1) AppleWebKit/537.36 (KHTML, like Gecko) Chrome/49.0.2623.112 Safari/537.36" "-"
83.120.186.11 - - [23/Jan/2019:12:27:45 +0330] "GET /image/60665/productModel/150x150 HTTP/1.1" 200 3766 "https://www.zanbil.ir/m/product/32537/%DA%86%D8%A7%DB%8C-%D8%B3%D8%A7%D8%B2-%D9%82%D9%88%D8%B1%DB%8C-%D8%B1%D9%88%DB%8C-%DA%A9%D8%AA%D8%B1%DB%8C-%D9%81%D9%84%D8%B1-%D9%85%D8%AF%D9%84-TS-050" "Mozilla/5.0 (Linux; Android 5.1.1; SM-J500H) AppleWebKit/537.36 (KHTML, like Gecko) Chrome/71.0.3578.99 Mobile Safari/537.36" "-"
178.252.149.46 - - [23/Jan/2019:12:27:45 +0330] "GET /image/64716/productModel/100x100 HTTP/1.1" 200 2088 "https://www.zanbil.ir/" "Mozilla/5.0 (Windows NT 10.0; Win64; x64; rv:64.0) Gecko/20100101 Firefox/64.0" "-"
178.252.149.46 - - [23/Jan/2019:12:27:45 +0330] "GET /image/64721/productModel/100x100 HTTP/1.1" 200 2018 "https://www.zanbil.ir/" "Mozilla/5.0 (Windows NT 10.0; Win64; x64; rv:64.0) Gecko/20100101 Firefox/64.0" "-"
178.252.149.46 - - [23/Jan/2019:12:27:45 +0330] "GET /image/65023/productModel/100x100 HTTP/1.1" 200 2391 "https://www.zanbil.ir/" "Mozilla/5.0 (Windows NT 10.0; Win64; x64; rv:64.0) Gecko/20100101 Firefox/64.0" "-"
178.252.149.46 - - [23/Jan/2019:12:27:46 +0330] "GET /image/64746/productModel/100x100 HTTP/1.1" 200 1990 "https://www.zanbil.ir/" "Mozilla/5.0 (Windows NT 10.0; Win64; x64; rv:64.0) Gecko/20100101 Firefox/64.0" "-"
178.252.149.46 - - [23/Jan/2019:12:27:46 +0330] "GET /image/64757/productModel/100x100 HTTP/1.1" 200 2402 "https://www.zanbil.ir/" "Mozilla/5.0 (Windows NT 10.0; Win64; x64; rv:64.0) Gecko/20100101 Firefox/64.0" "-"
178.252.149.46 - - [23/Jan/2019:12:27:46 +0330] "GET /image/64784/productModel/100x100 HTTP/1.1" 200 2247 "https://www.zanbil.ir/" "Mozilla/5.0 (Windows NT 10.0; Win64; x64; rv:64.0) Gecko/20100101 Firefox/64.0" "-"
178.252.149.46 - - [23/Jan/2019:12:27:46 +0330] "GET /image/65028/productModel/100x100 HTTP/1.1" 200 2277 "https://www.zanbil.ir/" "Mozilla/5.0 (Windows NT 10.0; Win64; x64; rv:64.0) Gecko/20100101 Firefox/64.0" "-"
178.252.149.46 - - [23/Jan/2019:12:27:46 +0330] "GET /image/65134/productModel/100x100 HTTP/1.1" 200 2446 "https://www.zanbil.ir/" "Mozilla/5.0 (Windows NT 10.0; Win64; x64; rv:64.0) Gecko/20100101 Firefox/64.0" "-"
178.252.149.46 - - [23/Jan/2019:12:27:46 +0330] "GET /image/65269/productModel/100x100 HTTP/1.1" 200 2411 "https://www.zanbil.ir/" "Mozilla/5.0 (Windows NT 10.0; Win64; x64; rv:64.0) Gecko/20100101 Firefox/64.0" "-"
84.241.45.13 - - [23/Jan/2019:12:27:46 +0330] "GET /image/get?path=/Image/d(8).jpg HTTP/1.1" 200 9201 "https://www.zanbil.ir/product/9000/%D8%AC%D8%A7%D8%B1%D9%88%D8%A8%D8%B1%D9%82%DB%8C-%D8%A8%D8%A7-%D9%BE%D8%A7%DA%A9%D8%AA-%D9%BE%D8%A7%D8%B1%D8%B3-%D8%AE%D8%B2%D8%B1-%D9%85%D8%AF%D9%84-Parskhazar-Vacuum-Cleaner-2500W-KOMPRESSOR" "Mozilla/5.0 (Windows NT 5.1) AppleWebKit/537.36 (KHTML, like Gecko) Chrome/49.0.2623.112 Safari/537.36" "-"
80.191.27.26 - - [23/Jan/2019:12:27:46 +0330] "GET /image/65247/productModel/100x100 HTTP/1.1" 200 2322 "https://www.zanbil.ir/browse/laptop/%D9%84%D9%BE-%D8%AA%D8%A7%D9%BE" "Mozilla/5.0 (Windows NT 6.1; Win64; x64; rv:64.0) Gecko/20100101 Firefox/64.0" "-"
83.120.186.11 - - [23/Jan/2019:12:27:46 +0330] "GET /image/64560/productModel/150x150 HTTP/1.1" 200 3178 "https://www.zanbil.ir/m/product/32537/%DA%86%D8%A7%DB%8C-%D8%B3%D8%A7%D8%B2-%D9%82%D9%88%D8%B1%DB%8C-%D8%B1%D9%88%DB%8C-%DA%A9%D8%AA%D8%B1%DB%8C-%D9%81%D9%84%D8%B1-%D9%85%D8%AF%D9%84-TS-050" "Mozilla/5.0 (Linux; Android 5.1.1; SM-J500H) AppleWebKit/537.36 (KHTML, like Gecko) Chrome/71.0.3578.99 Mobile Safari/537.36" "-"
83.120.186.11 - - [23/Jan/2019:12:27:46 +0330] "GET /image/64844/productModel/150x150 HTTP/1.1" 200 3862 "https://www.zanbil.ir/m/product/32537/%DA%86%D8%A7%DB%8C-%D8%B3%D8%A7%D8%B2-%D9%82%D9%88%D8%B1%DB%8C-%D8%B1%D9%88%DB%8C-%DA%A9%D8%AA%D8%B1%DB%8C-%D9%81%D9%84%D8%B1-%D9%85%D8%AF%D9%84-TS-050" "Mozilla/5.0 (Linux; Android 5.1.1; SM-J500H) AppleWebKit/537.36 (KHTML, like Gecko) Chrome/71.0.3578.99 Mobile Safari/537.36" "-"
178.252.149.46 - - [23/Jan/2019:12:27:46 +0330] "GET /image/65272/productModel/100x100 HTTP/1.1" 200 1911 "https://www.zanbil.ir/" "Mozilla/5.0 (Windows NT 10.0; Win64; x64; rv:64.0) Gecko/20100101 Firefox/64.0" "-"
178.252.149.46 - - [23/Jan/2019:12:27:46 +0330] "GET /image/65274/productModel/100x100 HTTP/1.1" 200 2103 "https://www.zanbil.ir/" "Mozilla/5.0 (Windows NT 10.0; Win64; x64; rv:64.0) Gecko/20100101 Firefox/64.0" "-"
